// Jest Snapshot v1, https://goo.gl/fbAQLP

exports[`matches the snapshot 1`] = `
<DocumentFragment>
  <div
    class="App"
    style="background-image: url(test-file-stub); background-position: center; background-size: cover; background-repeat: no-repeat; width: 100vw; height: 100vh;"
  >
    <div>
      <div
        class="navbar"
      >
        <a
          class="menu-bars"
          href="/"
        >
          <svg
            fill="currentColor"
            height="1em"
            stroke="currentColor"
            stroke-width="0"
            style="color: rgb(255, 255, 255);"
            viewBox="0 0 448 512"
            width="1em"
            xmlns="http://www.w3.org/2000/svg"
          >
            <path
              d="M16 132h416c8.837 0 16-7.163 16-16V76c0-8.837-7.163-16-16-16H16C7.163 60 0 67.163 0 76v40c0 8.837 7.163 16 16 16zm0 160h416c8.837 0 16-7.163 16-16v-40c0-8.837-7.163-16-16-16H16c-8.837 0-16 7.163-16 16v40c0 8.837 7.163 16 16 16zm0 160h416c8.837 0 16-7.163 16-16v-40c0-8.837-7.163-16-16-16H16c-8.837 0-16 7.163-16 16v40c0 8.837 7.163 16 16 16z"
            />
          </svg>
        </a>
      </div>
      <nav
        class="nav-menu"
      >
        <ul
          class="nav-menu-items"
        >
          <li
            class="navbar-toggle"
          >
            <a
              class="menu-bars"
              href="/"
            >
              <svg
                fill="currentColor"
                fill-rule="evenodd"
                height="1em"
                stroke="currentColor"
                stroke-width="0"
                style="color: rgb(255, 255, 255);"
                viewBox="0 0 1024 1024"
                width="1em"
                xmlns="http://www.w3.org/2000/svg"
              >
                <path
                  d="M799.855 166.312c.023.007.043.018.084.059l57.69 57.69c.041.041.052.06.059.084a.118.118 0 0 1 0 .069c-.007.023-.018.042-.059.083L569.926 512l287.703 287.703c.041.04.052.06.059.083a.118.118 0 0 1 0 .07c-.007.022-.018.042-.059.083l-57.69 57.69c-.041.041-.06.052-.084.059a.118.118 0 0 1-.069 0c-.023-.007-.042-.018-.083-.059L512 569.926 224.297 857.629c-.04.041-.06.052-.083.059a.118.118 0 0 1-.07 0c-.022-.007-.042-.018-.083-.059l-57.69-57.69c-.041-.041-.052-.06-.059-.084a.118.118 0 0 1 0-.069c.007-.023.018-.042.059-.083L454.073 512 166.371 224.297c-.041-.04-.052-.06-.059-.083a.118.118 0 0 1 0-.07c.007-.022.018-.042.059-.083l57.69-57.69c.041-.041.06-.052.084-.059a.118.118 0 0 1 .069 0c.023.007.042.018.083.059L512 454.073l287.703-287.702c.04-.041.06-.052.083-.059a.118.118 0 0 1 .07 0Z"
                />
              </svg>
            </a>
          </li>
          <li
            class="nav-text"
          >
            <a
              href="/"
            >
              <svg
                fill="currentColor"
                height="1em"
                stroke="currentColor"
                stroke-width="0"
                style="color: rgb(255, 255, 255);"
                viewBox="0 0 1024 1024"
                width="1em"
                xmlns="http://www.w3.org/2000/svg"
              >
                <path
                  d="M946.5 505L534.6 93.4a31.93 31.93 0 0 0-45.2 0L77.5 505c-12 12-18.8 28.3-18.8 45.3 0 35.3 28.7 64 64 64h43.4V908c0 17.7 14.3 32 32 32H448V716h112v224h265.9c17.7 0 32-14.3 32-32V614.3h43.4c17 0 33.3-6.7 45.3-18.8 24.9-25 24.9-65.5-.1-90.5z"
                />
              </svg>
              <span>
                Home
              </span>
            </a>
          </li>
          <li
            class="nav-text"
          >
            <a
              href="/cal"
            >
              <svg
                fill="currentColor"
                height="1em"
                stroke="currentColor"
                stroke-width="0"
                style="color: rgb(255, 255, 255);"
                viewBox="0 0 1024 1024"
                width="1em"
                xmlns="http://www.w3.org/2000/svg"
              >
                <path
                  d="M112 880c0 17.7 14.3 32 32 32h736c17.7 0 32-14.3 32-32V460H112v420zm768-696H712v-64c0-4.4-3.6-8-8-8h-56c-4.4 0-8 3.6-8 8v64H384v-64c0-4.4-3.6-8-8-8h-56c-4.4 0-8 3.6-8 8v64H144c-17.7 0-32 14.3-32 32v176h800V216c0-17.7-14.3-32-32-32z"
                />
              </svg>
              <span>
                Calendar
              </span>
            </a>
          </li>
          <li
            class="nav-text"
          >
            <a
              href="/reg"
            >
              <svg
                fill="currentColor"
                height="1em"
                stroke="currentColor"
                stroke-width="0"
                style="color: rgb(255, 255, 255);"
                viewBox="0 0 1024 1024"
                width="1em"
                xmlns="http://www.w3.org/2000/svg"
              >
                <path
                  d="M512 244c176.18 0 319 142.82 319 319v233a32 32 0 0 1-32 32H225a32 32 0 0 1-32-32V563c0-176.18 142.82-319 319-319zM484 68h56a8 8 0 0 1 8 8v96a8 8 0 0 1-8 8h-56a8 8 0 0 1-8-8V76a8 8 0 0 1 8-8zM177.25 191.66a8 8 0 0 1 11.32 0l67.88 67.88a8 8 0 0 1 0 11.31l-39.6 39.6a8 8 0 0 1-11.31 0l-67.88-67.88a8 8 0 0 1 0-11.31l39.6-39.6zm669.6 0l39.6 39.6a8 8 0 0 1 0 11.3l-67.88 67.9a8 8 0 0 1-11.32 0l-39.6-39.6a8 8 0 0 1 0-11.32l67.89-67.88a8 8 0 0 1 11.31 0zM192 892h640a32 32 0 0 1 32 32v24a8 8 0 0 1-8 8H168a8 8 0 0 1-8-8v-24a32 32 0 0 1 32-32zm148-317v253h64V575h-64z"
                />
              </svg>
              <span>
                Register
              </span>
            </a>
          </li>
          <li
            class="nav-text"
          >
            <a
              href="/empavail"
            >
              <svg
                fill="currentColor"
                height="1em"
                stroke="currentColor"
                stroke-width="0"
                style="color: rgb(255, 255, 255);"
                viewBox="0 0 640 512"
                width="1em"
                xmlns="http://www.w3.org/2000/svg"
              >
                <path
                  d="M496 224c-79.6 0-144 64.4-144 144s64.4 144 144 144 144-64.4 144-144-64.4-144-144-144zm64 150.3c0 5.3-4.4 9.7-9.7 9.7h-60.6c-5.3 0-9.7-4.4-9.7-9.7v-76.6c0-5.3 4.4-9.7 9.7-9.7h12.6c5.3 0 9.7 4.4 9.7 9.7V352h38.3c5.3 0 9.7 4.4 9.7 9.7v12.6zM320 368c0-27.8 6.7-54.1 18.2-77.5-8-1.5-16.2-2.5-24.6-2.5h-16.7c-22.2 10.2-46.9 16-72.9 16s-50.6-5.8-72.9-16h-16.7C60.2 288 0 348.2 0 422.4V464c0 26.5 21.5 48 48 48h347.1c-45.3-31.9-75.1-84.5-75.1-144zm-96-112c70.7 0 128-57.3 128-128S294.7 0 224 0 96 57.3 96 128s57.3 128 128 128z"
                />
              </svg>
              <span>
                Availability
              </span>
            </a>
          </li>
          <li
            class="nav-text"
          >
            <a
              href="/display"
            >
              <svg
                fill="currentColor"
                height="1em"
                stroke="currentColor"
                stroke-width="0"
                style="color: rgb(255, 255, 255);"
                viewBox="0 0 640 512"
                width="1em"
                xmlns="http://www.w3.org/2000/svg"
              >
                <path
                  d="M496 224c-79.6 0-144 64.4-144 144s64.4 144 144 144 144-64.4 144-144-64.4-144-144-144zm64 150.3c0 5.3-4.4 9.7-9.7 9.7h-60.6c-5.3 0-9.7-4.4-9.7-9.7v-76.6c0-5.3 4.4-9.7 9.7-9.7h12.6c5.3 0 9.7 4.4 9.7 9.7V352h38.3c5.3 0 9.7 4.4 9.7 9.7v12.6zM320 368c0-27.8 6.7-54.1 18.2-77.5-8-1.5-16.2-2.5-24.6-2.5h-16.7c-22.2 10.2-46.9 16-72.9 16s-50.6-5.8-72.9-16h-16.7C60.2 288 0 348.2 0 422.4V464c0 26.5 21.5 48 48 48h347.1c-45.3-31.9-75.1-84.5-75.1-144zm-96-112c70.7 0 128-57.3 128-128S294.7 0 224 0 96 57.3 96 128s57.3 128 128 128z"
                />
              </svg>
              <span>
                DisplayUsers
              </span>
            </a>
          </li>
        </ul>
      </nav>
       
      <div>
        <div>
          <h1>
            Welcome to Our App
          </h1>
          <p>
            Please log in or sign up to continue.
          </p>
          <div>
            <div>
              <h1>
                Login
              </h1>
              <form>
                <input
                  name="username"
                  placeholder="Username"
                  type="text"
                  value=""
                />
                <input
                  name="password"
                  placeholder="Password"
                  type="password"
                  value=""
                />
                <button
                  type="button"
                >
                  Login
                </button>
              </form>
            </div>
            <div>
              <h2>
                Register
              </h2>
              <form>
                <input
                  name="username"
                  placeholder="Username"
                  type="text"
                  value=""
                />
                <input
                  name="email"
                  placeholder="Email"
                  type="email"
                  value=""
                />
                <input
                  minlength="8"
                  name="password"
                  placeholder="Password"
                  type="password"
                  value=""
                />
                <input
                  minlength="8"
                  name="confirmPassword"
                  placeholder="Confirm Password"
                  type="password"
                  value=""
                />
                <button
                  type="submit"
                >
                  Register
                </button>
              </form>
            </div>
          </div>
        </div>
      </div>
    </div>
  </div>
</DocumentFragment>
`;
